stdout of test 'create_file_list` in directory 'extras/dvf` itself:


# 16:20:50 >  
# 16:20:50 >  "/usr/bin/python" "create_file_list.py" "create_file_list"
# 16:20:50 >  


# 16:20:50 >  
# 16:20:50 >  "Done."
# 16:20:50 >  

