stdout of test 'cquery20` in directory 'sql/backends/monet5` itself:


# 23:19:50 >  
# 23:19:50 >  "mserver5" "--debug=10" "--set" "gdk_nr_threads=0" "--set" "mapi_open=true" "--set" "mapi_port=34472" "--set" "mapi_usock=/var/tmp/mtest-6809/.s.monetdb.34472" "--set" "monet_prompt=" "--forcemito" "--dbpath=/export/scratch1/mk/trails//Linux/var/MonetDB/mTests_sql_backends_monet5"
# 23:19:50 >  

# MonetDB 5 server v11.28.0
# This is an unreleased version
# Serving database 'mTests_sql_backends_monet5', using 8 threads
# Compiled for x86_64-unknown-linux-gnu/64bit with 128bit integers
# Found 15.588 GiB available main-memory.
# Copyright (c) 1993-July 2008 CWI.
# Copyright (c) August 2008-2017 MonetDB B.V., all rights reserved
# Visit https://www.monetdb.org/ for further information
# Listening for connection requests on mapi:monetdb://vienna.da.cwi.nl:34472/
# Listening for UNIX domain connection requests on mapi:monetdb:///var/tmp/mtest-6809/.s.monetdb.34472
# MonetDB/GIS module loaded
# MonetDB/SQL module loaded
# MonetDB/Timetrails module loaded

Ready.

# 23:19:50 >  
# 23:19:50 >  "mclient" "-lsql" "-ftest" "-Eutf-8" "-i" "-e" "--host=/var/tmp/mtest-6809" "--port=34472"
# 23:19:50 >  

#create stream table cqtbl(i integer);
#create continuous procedure cqfoo(v integer)
#begin
#	insert into cqtbl values(v);
#end;
#select * from cqtbl;
% sys.cqtbl # table_name
% i # name
% int # type
% 3 # length
[ 123	]
#select * from cqtbl;
% sys.cqtbl # table_name
% i # name
% int # type
% 3 # length
[ 123	]
[ 321	]
#drop procedure cqfoo;
#drop table cqtbl;

# 23:19:50 >  
# 23:19:50 >  "Done."
# 23:19:50 >  

