stdout of test 'cquery00` in directory 'sql/backends/monet5` itself:


# 22:29:13 >  
# 22:29:13 >  "mserver5" "--debug=10" "--set" "gdk_nr_threads=0" "--set" "mapi_open=true" "--set" "mapi_port=36097" "--set" "mapi_usock=/var/tmp/mtest-16121/.s.monetdb.36097" "--set" "monet_prompt=" "--forcemito" "--dbpath=/export/scratch1/mk/cquery//Linux/var/MonetDB/mTests_sql_backends_monet5"
# 22:29:13 >  

# MonetDB 5 server v11.26.0
# This is an unreleased version
# Serving database 'mTests_sql_backends_monet5', using 8 threads
# Compiled for x86_64-unknown-linux-gnu/64bit with 128bit integers
# Found 15.589 GiB available main-memory.
# Copyright (c) 1993-July 2008 CWI.
# Copyright (c) August 2008-2017 MonetDB B.V., all rights reserved
# Visit http://www.monetdb.org/ for further information
# Listening for connection requests on mapi:monetdb://vienna.da.cwi.nl:36097/
# Listening for UNIX domain connection requests on mapi:monetdb:///var/tmp/mtest-16121/.s.monetdb.36097
# MonetDB/GIS module loaded
# MonetDB/SQL module loaded

Ready.

# 22:29:14 >  
# 22:29:14 >  "mclient" "-lmal" "-ftest" "-Eutf-8" "--host=/var/tmp/mtest-16121" "--port=36097"
# 22:29:14 >  


# 22:29:14 >  
# 22:29:14 >  "Done."
# 22:29:14 >  

