stdout of test 'usage` in directory 'compiler` itself:


# 15:32:19 >  
# 15:32:19 >  Mtimeout -timeout 120 ./usage usage 
# 15:32:19 >  


# 15:32:19 >  
# 15:32:19 >  Mtimeout -timeout 60 pf -h
# 15:32:19 >  

Pathfinder XQuery Compiler ($Revision$, $Date$)
(c) University of Konstanz, DBIS group

Usage: pf [OPTION] [FILE]

  Reads from standard input if FILE is omitted.

= -h, --help: print this help message
= -H, --fullhelp: print help message for advanced options
= -T, --timing: print elapsed times for compiler phases
= -O[0-31], --optimize: enable optimization features (default=31, i.e., "all"):
        1: dead-code elimination
        2: join recognition
        4: loop-lifted staircasejoin (with post-tests)
        8: loop-lifted staircasejoin with pre-tests
       16: order awareness

Enjoy.

# 15:32:19 >  
# 15:32:19 >  Done.
# 15:32:19 >  

