stdout of test 'ReadsItsOwnWrites` in directory 'sql/test/2-phase-commit` itself:


# 14:14:03 >  
# 14:14:03 >  "mserver5" "--debug=10" "--set" "gdk_nr_threads=0" "--set" "mapi_open=true" "--set" "mapi_port=39318" "--set" "mapi_usock=/var/tmp/mtest-70796/.s.monetdb.39318" "--set" "monet_prompt=" "--forcemito" "--set" "mal_listing=2" "--dbpath=/Users/dnedev/monetdb/installation/var/MonetDB/mTests_sql_test_2-phase-commit" "--set" "mal_listing=0"
# 14:14:03 >  

# MonetDB 5 server v11.22.0
# This is an unreleased version
# Serving database 'mTests_sql_test_2-phase-commit', using 4 threads
# Compiled for x86_64-apple-darwin14.3.0/64bit with 64bit OIDs and 128bit integers dynamically linked
# Found 8.000 GiB available main-memory.
# Copyright (c) 1993-July 2008 CWI.
# Copyright (c) August 2008-2015 MonetDB B.V., all rights reserved
# Visit http://www.monetdb.org/ for further information
# Listening for connection requests on mapi:monetdb://wired1-56.cwi.nl:39318/
# Listening for UNIX domain connection requests on mapi:monetdb:///var/tmp/mtest-70796/.s.monetdb.39318
# Start processing logs sql/sql_logs version 52200
# Start reading the write-ahead log 'sql_logs/sql/log.3'
# Finished reading the write-ahead log 'sql_logs/sql/log.3'
# Finished processing logs sql/sql_logs
# MonetDB/SQL module loaded

Ready.

# 14:14:03 >  
# 14:14:03 >  "/usr/bin/python" "ReadsItsOwnWrites.SQL.py" "ReadsItsOwnWrites"
# 14:14:03 >  

INSERT INTO htmtest VALUES (4, 99), (5, 99), (6, 99)
&2 3 -1

CALL precommit(1)
&2 3 -1

SELECT * FROM htmtest
[(1, 10), (2, 20), (3, 30), (4, 99), (5, 99), (6, 99)]
SELECT * FROM htmtest
[(1, 10), (2, 20), (3, 30)]
CALL persistcommit(1)
&2 3 -1

SELECT * FROM htmtest
[(1, 10), (2, 20), (3, 30), (4, 99), (5, 99), (6, 99)]
SELECT * FROM htmtest
[(1, 10), (2, 20), (3, 30), (4, 99), (5, 99), (6, 99)]
DELETE FROM htmtest WHERE id > 3
&2 3 -1

SELECT * FROM htmtest
[(1, 10), (2, 20), (3, 30)]
SELECT * FROM htmtest
[(1, 10), (2, 20), (3, 30)]
SELECT * FROM htmtest
[(1, 10), (2, 20), (3, 30)]

# 14:14:03 >  
# 14:14:03 >  "Done."
# 14:14:03 >  

