stdout of test 'ReadsItsOwnWrites-cleanup` in directory 'sql/test/HTM` itself:


# 22:18:12 >  
# 22:18:12 >  "mserver5" "--debug=10" "--set" "gdk_nr_threads=0" "--set" "mapi_open=true" "--set" "mapi_port=39923" "--set" "mapi_usock=/var/tmp/mtest-2039/.s.monetdb.39923" "--set" "monet_prompt=" "--forcemito" "--set" "mal_listing=2" "--dbpath=/Users/dnedev/monetdb/installation/var/MonetDB/mTests_sql_test_HTM" "--set" "mal_listing=0"
# 22:18:12 >  

# MonetDB 5 server v11.22.0
# This is an unreleased version
# Serving database 'mTests_sql_test_HTM', using 4 threads
# Compiled for x86_64-apple-darwin14.3.0/64bit with 64bit OIDs and 128bit integers dynamically linked
# Found 8.000 GiB available main-memory.
# Copyright (c) 1993-July 2008 CWI.
# Copyright (c) August 2008-2015 MonetDB B.V., all rights reserved
# Visit http://www.monetdb.org/ for further information
# Listening for connection requests on mapi:monetdb://MacBookAir.local:39923/
# Listening for UNIX domain connection requests on mapi:monetdb:///var/tmp/mtest-2039/.s.monetdb.39923
# Start processing logs sql/sql_logs version 52200
# Start reading the write-ahead log 'sql_logs/sql/log.7'
# Finished reading the write-ahead log 'sql_logs/sql/log.7'
# Finished processing logs sql/sql_logs
# MonetDB/SQL module loaded

Ready.

# 22:22:13 >  
# 22:22:13 >  "mclient" "-lsql" "-ftest" "-Eutf-8" "-i" "-e" "--host=/var/tmp/mtest-2500" "--port=35169"
# 22:22:13 >  

#DELETE FROM htmtest WHERE id > 3;
[ 0	]

# 22:22:13 >  
# 22:22:13 >  "Done."
# 22:22:13 >  

