stdout of test 'iot05` in directory 'sql/backends/monet5/iot` itself:


# 22:26:05 >  
# 22:26:05 >  "mserver5" "--debug=10" "--set" "gdk_nr_threads=0" "--set" "mapi_open=true" "--set" "mapi_port=31285" "--set" "mapi_usock=/var/tmp/mtest-10345/.s.monetdb.31285" "--set" "monet_prompt=" "--forcemito" "--dbpath=/export/scratch1/mk/iot//Linux/var/MonetDB/mTests_sql_backends_monet5_iot"
# 22:26:05 >  

# MonetDB 5 server v11.24.0
# This is an unreleased version
# Serving database 'mTests_sql_backends_monet5_iot', using 8 threads
# Compiled for x86_64-unknown-linux-gnu/64bit with 64bit OIDs and 128bit integers dynamically linked
# Found 15.589 GiB available main-memory.
# Copyright (c) 1993-July 2008 CWI.
# Copyright (c) August 2008-2016 MonetDB B.V., all rights reserved
# Visit http://www.monetdb.org/ for further information
# Listening for connection requests on mapi:monetdb://vienna.da.cwi.nl:31285/
# Listening for UNIX domain connection requests on mapi:monetdb:///var/tmp/mtest-10345/.s.monetdb.31285
# MonetDB/GIS module loaded
# MonetDB/SQL module loaded
# MonetDB/iot loaded

Ready.

# 22:26:05 >  
# 22:26:05 >  "mclient" "-lsql" "-ftest" "-Eutf-8" "-i" "-e" "--host=/var/tmp/mtest-10345" "--port=31285"
# 22:26:05 >  

#set schema iot;
#declare hbclk1 integer;
#declare hbclk2 integer;
#declare cnt integer;
#set hbclk1 = 0;
#set hbclk2 = 0;
#set cnt = 0;
#create procedure clk1()
#begin
#	set hbclk1 = hbclk1+1;
#end;
#create procedure clk3()
#begin
#	set hbclk1 = hbclk1+1;
#	set hbclk2 = hbclk2+2;
#	--set cnt =(select count(*) from stmp);
#end;
#select * from  iot.baskets();
% .,	.,	.,	.,	.,	.,	.,	.,	.,	.,	. # table_name
% schema,	table,	status,	threshold,	winsize,	winstride,	timeslice,	timestride,	beat,	seen,	events # name
% clob,	clob,	clob,	int,	int,	int,	int,	int,	int,	timestamp,	int # type
% 0,	0,	0,	1,	1,	1,	1,	1,	1,	26,	1 # length
#select * from  iot.queries();
% .,	.,	.,	.,	.,	.,	.,	. # table_name
% schema,	function,	status,	lastrun,	cycles,	events,	time,	error # name
% clob,	clob,	clob,	timestamp,	int,	int,	bigint,	clob # type
% 3,	4,	6,	26,	1,	1,	1,	0 # length
[ "iot",	"clk1",	"paused",	NULL,	0,	0,	0,	""	]
[ "iot",	"clk3",	"paused",	NULL,	0,	0,	0,	""	]
#select hbclk1, hbclk2;
% .L1,	.L1 # table_name
% L1,	single_value # name
% int,	int # type
% 1,	1 # length
[ 0,	0	]
#call iot.activate();
#scheduler status active
#[0]	iot.clk1 paused delay 0 cycles 0 events 0 time 0 ms
#[1]	iot.clk3 paused delay 0 cycles 0 events 0 time 0 ms
#select hbclk1, hbclk2;
% .L1,	.L1 # table_name
% L1,	single_value # name
% int,	int # type
% 1,	1 # length
[ 0,	0	]

# 22:26:05 >  
# 22:26:05 >  "Done."
# 22:26:05 >  

