stdout of test 'spurious_error.Bug-6344` in directory 'sql/test/BugTracker-2017` itself:


# 13:47:14 >  
# 13:47:14 >  "mserver5" "--debug=10" "--set" "gdk_nr_threads=0" "--set" "mapi_open=true" "--set" "mapi_port=39137" "--set" "mapi_usock=/var/tmp/mtest-7389/.s.monetdb.39137" "--set" "monet_prompt=" "--forcemito" "--dbpath=/home/niels/scratch/rc-clean/Linux-x86_64/var/MonetDB/mTests_sql_test_BugTracker-2017"
# 13:47:14 >  

# MonetDB 5 server v11.28.0
# This is an unreleased version
# Serving database 'mTests_sql_test_BugTracker-2017', using 4 threads
# Compiled for x86_64-unknown-linux-gnu/64bit with 128bit integers
# Found 7.331 GiB available main-memory.
# Copyright (c) 1993-July 2008 CWI.
# Copyright (c) August 2008-2017 MonetDB B.V., all rights reserved
# Visit https://www.monetdb.org/ for further information
# Listening for connection requests on mapi:monetdb://localhost.nes.nl:39137/
# Listening for UNIX domain connection requests on mapi:monetdb:///var/tmp/mtest-7389/.s.monetdb.39137
# MonetDB/GIS module loaded
# MonetDB/SQL module loaded

Ready.

# 13:47:14 >  
# 13:47:14 >  "mclient" "-lsql" "-ftest" "-Eutf-8" "-i" "-e" "--host=/var/tmp/mtest-7389" "--port=39137"
# 13:47:14 >  

#select  
#  sample_2.name as c0, 
#  sample_2.id as c1, 
#  sample_2.name as c2, 
#  cast(coalesce(sample_2.id,
#    sample_2.id) as int) as c3, 
#  sample_2.id as c4, 
#  11 as c5, 
#  sample_2.id as c6
#from 
#  sys.objects as sample_2
#where sample_2.name is not NULL
#limit 61;
% sys.L2,	sys.L4,	sys.L6,	sys.L11,	sys.L13,	.L15,	sys.L17 # table_name
% c0,	c1,	c2,	c3,	c4,	c5,	c6 # name
% varchar,	int,	varchar,	int,	int,	tinyint,	int # type
% 20,	4,	20,	4,	4,	2,	4 # length
[ "srid",	6969,	"srid",	6969,	6969,	11,	6969	]
[ "srid",	6968,	"srid",	6968,	6968,	11,	6968	]
[ "keyword",	7678,	"keyword",	7678,	7678,	11,	7678	]
[ "keyword",	7677,	"keyword",	7677,	7677,	11,	7677	]
[ "table_type_id",	7683,	"table_type_id",	7683,	7683,	11,	7683	]
[ "table_type_name",	7686,	"table_type_name",	7686,	7686,	11,	7686	]
[ "table_type_id",	7682,	"table_type_id",	7682,	7682,	11,	7682	]
[ "table_type_name",	7685,	"table_type_name",	7685,	7685,	11,	7685	]
[ "dependency_type_id",	7691,	"dependency_type_id",	7691,	7691,	11,	7691	]
[ "dependency_type_name",	7694,	"dependency_type_name",	7694,	7694,	11,	7694	]
[ "dependency_type_id",	7690,	"dependency_type_id",	7690,	7690,	11,	7690	]
[ "dependency_type_name",	7693,	"dependency_type_name",	7693,	7693,	11,	7693	]
[ "function_type_id",	7699,	"function_type_id",	7699,	7699,	11,	7699	]
[ "function_type_name",	7702,	"function_type_name",	7702,	7702,	11,	7702	]
[ "function_type_id",	7698,	"function_type_id",	7698,	7698,	11,	7698	]
[ "function_type_name",	7701,	"function_type_name",	7701,	7701,	11,	7701	]
[ "language_id",	7707,	"language_id",	7707,	7707,	11,	7707	]
[ "language_name",	7710,	"language_name",	7710,	7710,	11,	7710	]
[ "language_id",	7706,	"language_id",	7706,	7706,	11,	7706	]
[ "language_name",	7709,	"language_name",	7709,	7709,	11,	7709	]
[ "key_type_id",	7715,	"key_type_id",	7715,	7715,	11,	7715	]
[ "key_type_name",	7718,	"key_type_name",	7718,	7718,	11,	7718	]
[ "key_type_id",	7714,	"key_type_id",	7714,	7714,	11,	7714	]
[ "key_type_name",	7717,	"key_type_name",	7717,	7717,	11,	7717	]
[ "index_type_id",	7723,	"index_type_id",	7723,	7723,	11,	7723	]
[ "index_type_name",	7726,	"index_type_name",	7726,	7726,	11,	7726	]
[ "index_type_id",	7722,	"index_type_id",	7722,	7722,	11,	7722	]
[ "index_type_name",	7725,	"index_type_name",	7725,	7725,	11,	7725	]
[ "privilege_code_id",	7731,	"privilege_code_id",	7731,	7731,	11,	7731	]
[ "privilege_code_name",	7734,	"privilege_code_name",	7734,	7734,	11,	7734	]
[ "privilege_code_id",	7730,	"privilege_code_id",	7730,	7730,	11,	7730	]
[ "privilege_code_name",	7733,	"privilege_code_name",	7733,	7733,	11,	7733	]
[ "file_id",	8197,	"file_id",	8197,	8197,	11,	8197	]
[ "file_id",	8196,	"file_id",	8196,	8196,	11,	8196	]
[ "sn",	8208,	"sn",	8208,	8208,	11,	8208	]
[ "file_id",	8208,	"file_id",	8208,	8208,	11,	8208	]
[ "file_id",	8210,	"file_id",	8210,	8210,	11,	8210	]
[ "sn",	8207,	"sn",	8207,	8207,	11,	8207	]
[ "file_id",	8207,	"file_id",	8207,	8207,	11,	8207	]
[ "file_id",	8209,	"file_id",	8209,	8209,	11,	8209	]
[ "id",	8227,	"id",	8227,	8227,	11,	8227	]
[ "file_id",	8227,	"file_id",	8227,	8227,	11,	8227	]
[ "file_id",	8229,	"file_id",	8229,	8229,	11,	8229	]
[ "id",	8226,	"id",	8226,	8226,	11,	8226	]
[ "file_id",	8226,	"file_id",	8226,	8226,	11,	8226	]
[ "file_id",	8228,	"file_id",	8228,	8228,	11,	8228	]
[ "id",	8239,	"id",	8239,	8239,	11,	8239	]
[ "file_id",	8239,	"file_id",	8239,	8239,	11,	8239	]
[ "file_id",	8241,	"file_id",	8241,	8241,	11,	8241	]
[ "id",	8238,	"id",	8238,	8238,	11,	8238	]
[ "file_id",	8238,	"file_id",	8238,	8238,	11,	8238	]
[ "file_id",	8240,	"file_id",	8240,	8240,	11,	8240	]
[ "width",	8838,	"width",	8838,	8838,	11,	8838	]
[ "p_partkey",	8945,	"p_partkey",	8945,	8945,	11,	8945	]
[ "p_partkey",	8944,	"p_partkey",	8944,	8944,	11,	8944	]
[ "ps_partkey",	8954,	"ps_partkey",	8954,	8954,	11,	8954	]
[ "ps_suppkey",	8954,	"ps_suppkey",	8954,	8954,	11,	8954	]
[ "ps_partkey",	8956,	"ps_partkey",	8956,	8956,	11,	8956	]
[ "ps_partkey",	8953,	"ps_partkey",	8953,	8953,	11,	8953	]
[ "ps_suppkey",	8953,	"ps_suppkey",	8953,	8953,	11,	8953	]
[ "ps_partkey",	8955,	"ps_partkey",	8955,	8955,	11,	8955	]

# 13:47:14 >  
# 13:47:14 >  "Done."
# 13:47:14 >  

