stdout of test 'predicate_select.Bug-3090` in directory 'sql/test/BugTracker-2012` itself:


# 18:53:13 >  
# 18:53:13 >  "mserver5" "--debug=10" "--set" "gdk_nr_threads=0" "--set" "gdk_dbfarm=/home/niels/scratch/rc-clean/Linux-x86_64/var/MonetDB" "--set" "mapi_open=true" "--set" "mapi_port=32323" "--set" "monet_prompt=" "--trace" "--forcemito" "--set" "mal_listing=2" "--dbname=mTests_test_BugTracker-2012" "--set" "mal_listing=0"
# 18:53:13 >  

# MonetDB 5 server v11.9.2
# This is an unreleased version
# Serving database 'mTests_test_BugTracker-2012', using 4 threads
# Compiled for x86_64-unknown-linux-gnu/64bit with 64bit OIDs dynamically linked
# Found 3.778 GiB available main-memory.
# Copyright (c) 1993-July 2008 CWI.
# Copyright (c) August 2008-2013 MonetDB B.V., all rights reserved
# Visit http://www.monetdb.org/ for further information
# Listening for connection requests on mapi:monetdb://niels.nesco.mine.nu:32323/
# MonetDB/GIS module loaded
# MonetDB/SQL module loaded

Ready.

# 18:53:13 >  
# 18:53:13 >  "mclient" "-lsql" "-ftest" "-Eutf-8" "-i" "-e" "--host=niels" "--port=32323"
# 18:53:13 >  

#select * from tables where 1;
% .tables,	.tables,	.tables,	.tables,	.tables,	.tables,	.tables,	.tables,	.tables # table_name
% id,	name,	schema_id,	query,	type,	system,	commit_action,	readonly,	temporary # name
% int,	varchar,	int,	varchar,	smallint,	boolean,	smallint,	boolean,	tinyint # type
% 4,	17,	4,	496,	1,	5,	1,	5,	1 # length
[ 2001,	"schemas",	2000,	NULL,	0,	true,	0,	false,	0	]
[ 2006,	"types",	2000,	NULL,	0,	true,	0,	false,	0	]
[ 2015,	"functions",	2000,	NULL,	0,	true,	0,	false,	0	]
[ 2024,	"args",	2000,	NULL,	0,	true,	0,	false,	0	]
[ 2032,	"sequences",	2000,	NULL,	0,	true,	0,	false,	0	]
[ 2042,	"dependencies",	2000,	NULL,	0,	true,	0,	false,	0	]
[ 2046,	"connections",	2000,	NULL,	0,	true,	0,	false,	0	]
[ 2055,	"_tables",	2000,	NULL,	0,	true,	0,	false,	0	]
[ 2064,	"_columns",	2000,	NULL,	0,	true,	0,	false,	0	]
[ 2075,	"_arrays",	2000,	NULL,	0,	true,	0,	false,	0	]
[ 2080,	"_dimensions",	2000,	NULL,	0,	true,	0,	false,	0	]
[ 2086,	"keys",	2000,	NULL,	0,	true,	0,	false,	0	]
[ 2093,	"idxs",	2000,	NULL,	0,	true,	0,	false,	0	]
[ 2098,	"triggers",	2000,	NULL,	0,	true,	0,	false,	0	]
[ 2109,	"objects",	2000,	NULL,	0,	true,	0,	false,	0	]
[ 2114,	"_tables",	2113,	NULL,	0,	true,	2,	false,	0	]
[ 2123,	"_columns",	2113,	NULL,	0,	true,	2,	false,	0	]
[ 2134,	"_arrays",	2113,	NULL,	0,	true,	2,	false,	0	]
[ 2139,	"_dimensions",	2113,	NULL,	0,	true,	2,	false,	0	]
[ 2145,	"keys",	2113,	NULL,	0,	true,	2,	false,	0	]
[ 2152,	"idxs",	2113,	NULL,	0,	true,	2,	false,	0	]
[ 2157,	"triggers",	2113,	NULL,	0,	true,	2,	false,	0	]
[ 2168,	"objects",	2113,	NULL,	0,	true,	2,	false,	0	]
[ 5082,	"tables",	2000,	"SELECT * FROM (SELECT p.*, 0 AS \"temporary\" FROM \"sys\".\"_tables\" AS p UNION ALL SELECT t.*, 1 AS \"temporary\" FROM \"tmp\".\"_tables\" AS t) AS tables where tables.type <> 2;",	1,	true,	0,	false,	0	]
[ 5092,	"arrays",	2000,	"SELECT * FROM (SELECT pt.*, 0 AS \"temporary\", pa.valence, pa.fixed, pa.materialised FROM \"sys\".\"_tables\" AS pt, \"sys\".\"_arrays\" AS pa WHERE pt.id = pa.table_id UNION ALL SELECT tt.*, 1 AS \"temporary\", ta.valence, ta.fixed, ta.materialised FROM \"tmp\".\"_tables\" AS tt, \"tmp\".\"_arrays\" AS ta WHERE tt.id = ta.table_id) AS arrays;",	1,	true,	0,	false,	0	]
[ 5105,	"columns",	2000,	"SELECT * FROM (SELECT p.* FROM \"sys\".\"_columns\" AS p UNION ALL SELECT t.* FROM \"tmp\".\"_columns\" AS t) AS columns;",	1,	true,	0,	false,	0	]
[ 5116,	"dimensions",	2000,	"SELECT * FROM (SELECT pc.*, \"pd\".\"start\", pd.step, pd.stop, pd.storage_order FROM \"sys\".\"_columns\" AS pc, \"sys\".\"_dimensions\" AS pd WHERE pc.id = pd.column_id UNION ALL SELECT tc.*, \"td\".\"start\", td.step, td.stop, td.storage_order FROM \"tmp\".\"_columns\" AS tc, \"tmp\".\"_dimensions\" AS td WHERE tc.id = td.column_id) AS dimensions;",	1,	true,	0,	false,	0	]
[ 5137,	"db_user_info",	2000,	NULL,	0,	true,	0,	false,	0	]
[ 5145,	"users",	2000,	"SELECT u.\"name\" AS \"name\", ui.\"fullname\", ui.\"default_schema\" FROM db_users() AS u LEFT JOIN \"sys\".\"db_user_info\" AS ui ON u.\"name\" = ui.\"name\" ;",	1,	true,	0,	false,	0	]
[ 5149,	"user_role",	2000,	NULL,	0,	true,	0,	false,	0	]
[ 5152,	"auths",	2000,	NULL,	0,	true,	0,	false,	0	]
[ 5156,	"privileges",	2000,	NULL,	0,	true,	0,	false,	0	]
[ 5309,	"queryhistory",	2000,	NULL,	0,	true,	0,	false,	0	]
[ 5323,	"callhistory",	2000,	NULL,	0,	true,	0,	false,	0	]
[ 5340,	"querylog",	2000,	"create view querylog as\nselect qd.*, ql.ctime, ql.arguments, ql.exec, ql.result, ql.foot, ql.memory, ql.tuples, ql.inblock, ql.oublock from queryhistory qd, callhistory ql\nwhere qd.id = ql.id;",	1,	true,	0,	false,	0	]
[ 8623,	"files",	8617,	NULL,	0,	false,	0,	false,	0	]
[ 8630,	"catalog",	8617,	NULL,	0,	false,	0,	false,	0	]
[ 9104,	"storagemodelinput",	2000,	NULL,	0,	true,	0,	false,	0	]
[ 9145,	"tablestoragemodel",	2000,	"-- A summary of the table storage requirement is is available as a table view.\n-- The auxillary column denotes the maximum space if all non-sorted columns\n-- would be augmented with a hash (rare situation)\ncreate view sys.tablestoragemodel\nas select \"schema\",\"table\",max(count) as \"count\",\n\tsum(columnsize) as columnsize,\n\tsum(heapsize) as heapsize,\n\tsum(indices) as indices,\n\tsum(case when sorted = false then 8 * count else 0 end) as auxillary\nfrom sys.storagemodel() group by \"schema\",\"table\";",	1,	true,	0,	false,	0	]
[ 9167,	"systemfunctions",	2000,	NULL,	0,	true,	0,	false,	0	]

# 18:53:13 >  
# 18:53:13 >  "Done."
# 18:53:13 >  

