stdout of test 'bug-sf-949071` in directory 'src/test/bugs` itself:


# 19:25:26 >  
# 19:25:26 >  Mtimeout -timeout 180 Mserver "--config=/ufs/niels/data/Linux-i686/etc/monet.conf" --debug=10 --set "monet_mod_path=/ufs/niels/data/Linux-i686/lib/MonetDB" --set "gdk_dbfarm=/ufs/niels/data/Linux-i686/var/MonetDB/dbfarm" --set "sql_logdir=/ufs/niels/data/Linux-i686/var/MonetDB/log" --set mapi_port=46563 --set sql_port=55013 --set monet_prompt= --trace "--dbname=mTests_src_test_bugs" "/net/stem.ins.cwi.nl/export/scratch1/niels/Linux-i686/build-sql/src/backends/monet4/sql_server.mil" ; echo ; echo Over..
# 19:25:26 >  

# Monet Database Server V4.3.17
# Copyright (c) 1993-2004, CWI. All rights reserved.
# Compiled for i686-redhat-linux-gnu/32bit; dynamically linked.
# Visit http://monetdb.cwi.nl for further information.

printf("\nReady.\n");

Ready.
quit();

Over..

# 01:20:33 >  
# 01:20:33 >  Mtimeout -timeout 60 MapiClient --language=sql -u monetdb -P monetdb --host=stem --port=54544  < bug-sf-949071.sql
# 01:20:33 >  

# 3 # querytype
# tables,	tables,	tables,	tables,	tables,	tables,	tables,	tables,	t2 # table_name
# id,	name,	schema_id,	query,	istable,	system,	clear,	temporary,	count_id # name
# mediumint,	varchar,	mediumint,	varchar,	boolean,	boolean,	boolean,	decimal,	mediumint # type
# 0,	10,	0,	0,	0,	0,	0,	0,	0 # length
# 29,	,	,	,	,	,	,	,	 # tuplecount
# 1,	,	,	,	,	,	,	,	 # id
[ 1005724,	"modules",	1005714,	"",	true,	true,	false,	0,	29	]
[ 1005775,	"schemas",	1005714,	"",	true,	true,	false,	0,	29	]
[ 1005779,	"ptables",	1005714,	"",	true,	true,	false,	0,	29	]
[ 1005787,	"pcolumns",	1005714,	"",	true,	true,	false,	0,	29	]
[ 1005797,	"keys",	1005714,	"",	true,	true,	false,	0,	29	]
[ 1005803,	"idxs",	1005714,	"",	true,	true,	false,	0,	29	]
[ 1005808,	"keycolumns",	1005714,	"",	true,	true,	false,	0,	29	]
[ 1005813,	"types",	1005714,	"",	true,	true,	false,	0,	29	]
[ 1005821,	"ttables",	1005714,	"",	true,	true,	true,	0,	29	]
[ 1005859,	"tcolumns",	1005714,	"",	true,	true,	true,	0,	29	]
[ 1005907,	"db_users",	1005714,	"",	true,	true,	false,	0,	29	]
[ 1005930,	"user_role",	1005714,	"",	true,	true,	false,	0,	29	]
[ 1005953,	"auths",	1005714,	"",	true,	true,	false,	0,	29	]
[ 1005971,	"privileges",	1005714,	"",	true,	true,	false,	0,	29	]
[ 1005999,	"history",	1005714,	"",	true,	true,	false,	0,	29	]
[ 1006037,	"sessions",	1005714,	"",	true,	true,	true,	0,	29	]
[ 1006060,	"env",	1005714,	"",	true,	true,	false,	0,	29	]
[ 1009294,	"foo",	1005714,	"",	true,	false,	false,	0,	29	]
[ 1009432,	"ff",	1005714,	"",	true,	false,	false,	0,	29	]
[ 1009910,	"s4",	1005714,	"",	true,	false,	false,	0,	29	]
[ 1011751,	"r",	1005714,	"",	true,	false,	false,	0,	29	]
[ 1006237,	"test",	1005714,	"",	true,	false,	false,	0,	29	]
[ 1006258,	"c1006257",	1005714,	"",	true,	false,	false,	1,	29	]
[ 1006302,	"c1006301",	1005714,	"",	true,	false,	false,	1,	29	]
[ 1006345,	"tables",	1005714,	"",	true,	false,	false,	1,	29	]
[ 1006389,	"c1006388",	1005714,	"",	true,	false,	false,	1,	29	]
[ 1006433,	"c1006432",	1005714,	"",	true,	false,	false,	1,	29	]
[ 1006476,	"tables",	1005714,	"",	true,	false,	false,	1,	29	]
[ 1006519,	"t2",	1005714,	"",	true,	false,	false,	1,	29	]
# 3 # querytype
# t2,	tables,	tables,	tables,	tables,	tables,	tables,	tables,	tables # table_name
# count_id,	id,	name,	schema_id,	query,	istable,	system,	clear,	temporary # name
# mediumint,	mediumint,	varchar,	mediumint,	varchar,	boolean,	boolean,	boolean,	decimal # type
# 0,	0,	10,	0,	0,	0,	0,	0,	0 # length
# 36,	,	,	,	,	,	,	,	 # tuplecount
# 2,	,	,	,	,	,	,	,	 # id
[ 36,	1005724,	"modules",	1005714,	"",	true,	true,	false,	0	]
[ 36,	1005775,	"schemas",	1005714,	"",	true,	true,	false,	0	]
[ 36,	1005779,	"ptables",	1005714,	"",	true,	true,	false,	0	]
[ 36,	1005787,	"pcolumns",	1005714,	"",	true,	true,	false,	0	]
[ 36,	1005797,	"keys",	1005714,	"",	true,	true,	false,	0	]
[ 36,	1005803,	"idxs",	1005714,	"",	true,	true,	false,	0	]
[ 36,	1005808,	"keycolumns",	1005714,	"",	true,	true,	false,	0	]
[ 36,	1005813,	"types",	1005714,	"",	true,	true,	false,	0	]
[ 36,	1005821,	"ttables",	1005714,	"",	true,	true,	true,	0	]
[ 36,	1005859,	"tcolumns",	1005714,	"",	true,	true,	true,	0	]
[ 36,	1005907,	"db_users",	1005714,	"",	true,	true,	false,	0	]
[ 36,	1005930,	"user_role",	1005714,	"",	true,	true,	false,	0	]
[ 36,	1005953,	"auths",	1005714,	"",	true,	true,	false,	0	]
[ 36,	1005971,	"privileges",	1005714,	"",	true,	true,	false,	0	]
[ 36,	1005999,	"history",	1005714,	"",	true,	true,	false,	0	]
[ 36,	1006037,	"sessions",	1005714,	"",	true,	true,	true,	0	]
[ 36,	1006060,	"env",	1005714,	"",	true,	true,	false,	0	]
[ 36,	1009294,	"foo",	1005714,	"",	true,	false,	false,	0	]
[ 36,	1009432,	"ff",	1005714,	"",	true,	false,	false,	0	]
[ 36,	1009910,	"s4",	1005714,	"",	true,	false,	false,	0	]
[ 36,	1011751,	"r",	1005714,	"",	true,	false,	false,	0	]
[ 36,	1006237,	"test",	1005714,	"",	true,	false,	false,	0	]
[ 36,	1006258,	"c1006257",	1005714,	"",	true,	false,	false,	1	]
[ 36,	1006302,	"c1006301",	1005714,	"",	true,	false,	false,	1	]
[ 36,	1006345,	"tables",	1005714,	"",	true,	false,	false,	1	]
[ 36,	1006389,	"c1006388",	1005714,	"",	true,	false,	false,	1	]
[ 36,	1006433,	"c1006432",	1005714,	"",	true,	false,	false,	1	]
[ 36,	1006476,	"tables",	1005714,	"",	true,	false,	false,	1	]
[ 36,	1006519,	"t2",	1005714,	"",	true,	false,	false,	1	]
[ 36,	1006804,	"c1006803",	1005714,	"",	true,	false,	false,	1	]
[ 36,	1006848,	"c1006847",	1005714,	"",	true,	false,	false,	1	]
[ 36,	1006891,	"tables",	1005714,	"",	true,	false,	false,	1	]
[ 36,	1006934,	"t2",	1005714,	"",	true,	false,	false,	1	]
[ 36,	1006943,	"c1006942",	1005714,	"",	true,	false,	false,	1	]
[ 36,	1006987,	"c1006986",	1005714,	"",	true,	false,	false,	1	]
[ 36,	1007030,	"tables",	1005714,	"",	true,	false,	false,	1	]

# 08:25:14 >  
# 08:25:14 >  Done.
# 08:25:14 >  

