stdout of test 'mergequery` in directory 'sql/test/mergetables` itself:


# 16:20:23 >  
# 16:20:23 >  "mserver5" "--debug=10" "--set" "gdk_nr_threads=0" "--set" "mapi_open=true" "--set" "mapi_port=30678" "--set" "mapi_usock=/var/tmp/mtest-11019/.s.monetdb.30678" "--set" "monet_prompt=" "--forcemito" "--set" "mal_listing=2" "--dbpath=/export/scratch1/mk/current//Linux/var/MonetDB/mTests_sql_test_mergetables" "--set" "mal_listing=0" "--set" "embedded_r=yes"
# 16:20:23 >  

# MonetDB 5 server v11.20.0
# This is an unreleased version
# Serving database 'mTests_sql_test_mergetables', using 8 threads
# Compiled for x86_64-unknown-linux-gnu/64bit with 64bit OIDs and 128bit integers dynamically linked
# Found 15.590 GiB available main-memory.
# Copyright (c) 1993-July 2008 CWI.
# Copyright (c) August 2008-2015 MonetDB B.V., all rights reserved
# Visit http://www.monetdb.org/ for further information
# Listening for connection requests on mapi:monetdb://vienna.ins.cwi.nl:30678/
# Listening for UNIX domain connection requests on mapi:monetdb:///var/tmp/mtest-11019/.s.monetdb.30678
# MonetDB/GIS module loaded
# MonetDB/SQL module loaded
# MonetDB/R   module loaded

Ready.

# 16:20:23 >  
# 16:20:23 >  "mclient" "-lsql" "-ftest" "-Eutf-8" "-i" "-e" "--host=/var/tmp/mtest-11019" "--port=30678"
# 16:20:23 >  

#CREATE TABLE part1 ( x double, y double, z double);
#COPY 4 RECORDS INTO part1 FROM stdin USING DELIMITERS ' ','\n';
#0.0 0.0 0.0
#1.0 0.0 0.0 
#0.0 1.0 0.0 
#1.0 1.0 0.0 
[ 4	]
#CREATE TABLE part2 ( x double, y double, z double);
#COPY 4 RECORDS INTO part2 FROM stdin USING DELIMITERS ' ','\n';
#2.0 0.0 0.0
#3.0 0.0 0.0 
#2.0 1.0 0.0 
#3.0 1.0 0.0 
[ 4	]
#CREATE MERGE TABLE complete ( x double, y double, z double);
#ALTER TABLE complete ADD TABLE part1;
#ALTER TABLE complete ADD TABLE part2;
#SELECT * FROM COMPLETE;
% .complete,	.complete,	.complete # table_name
% x,	y,	z # name
% double,	double,	double # type
% 24,	24,	24 # length
[ 0,	0,	0	]
[ 1,	0,	0	]
[ 0,	1,	0	]
[ 1,	1,	0	]
[ 2,	0,	0	]
[ 3,	0,	0	]
[ 2,	1,	0	]
[ 3,	1,	0	]
#SELECT * FROM complete where x>=0.0 AND x <=1.0;
% .complete,	.complete,	.complete # table_name
% x,	y,	z # name
% double,	double,	double # type
% 24,	24,	24 # length
[ 0,	0,	0	]
[ 1,	0,	0	]
[ 0,	1,	0	]
[ 1,	1,	0	]
#SELECT * FROM complete where x>=2.0 AND x <=3.0;
% .complete,	.complete,	.complete # table_name
% x,	y,	z # name
% double,	double,	double # type
% 24,	24,	24 # length
[ 2,	0,	0	]
[ 3,	0,	0	]
[ 2,	1,	0	]
[ 3,	1,	0	]
#SELECT * FROM complete where x>=1.0 AND x <=2.0;
% .complete,	.complete,	.complete # table_name
% x,	y,	z # name
% double,	double,	double # type
% 24,	24,	24 # length
[ 1,	0,	0	]
[ 1,	1,	0	]
[ 2,	0,	0	]
[ 2,	1,	0	]
#CREATE TABLE answ( LIKE complete);
#EXPLAIN INSERT INTO answ
#SELECT * FROM complete where x>=1.0 AND x <=2.0;
% .explain # table_name
% mal # name
% clob # type
% 127 # length
function user.s13_1{autoCommit=true}(A0:dbl,A1:dbl):void;
    X_61:void  := querylog.define("explain insert into answ\nselect * from complete where x>=1.0 and x <=2.0;","default_pipe");
barrier X_296 := language.dataflow();
    X_4 := sql.mvc();
    X_5:bat[:oid,:dbl]  := bat.new(nil:oid,nil:dbl);
    X_89:bat[:oid,:dbl]  := sql.bind(X_4,"sys","part1","x",0,0,4);
    X_82:bat[:oid,:oid]  := sql.tid(X_4,"sys","part1",0,4);
    X_176 := algebra.subselect(X_89,X_82,A0,A1,true,true,false);
    (X_93:bat[:oid,:oid] ,X_94:bat[:oid,:dbl] ) := sql.bind(X_4,"sys","part1","x",2,0,4);
    X_180 := algebra.subselect(X_94,nil:bat[:oid,:oid],A0,A1,true,true,false);
    X_187 := sql.subdelta(X_176,X_82,X_93,X_180);
    X_191 := sql.projectdelta(X_187,X_89,X_93,X_94);
    X_90:bat[:oid,:dbl]  := sql.bind(X_4,"sys","part1","x",0,1,4);
    X_84:bat[:oid,:oid]  := sql.tid(X_4,"sys","part1",1,4);
    X_177 := algebra.subselect(X_90,X_84,A0,A1,true,true,false);
    (X_95:bat[:oid,:oid] ,X_96:bat[:oid,:dbl] ) := sql.bind(X_4,"sys","part1","x",2,1,4);
    X_182 := algebra.subselect(X_96,nil:bat[:oid,:oid],A0,A1,true,true,false);
    X_188 := sql.subdelta(X_177,X_84,X_95,X_182);
    X_192 := sql.projectdelta(X_188,X_90,X_95,X_96);
    X_91:bat[:oid,:dbl]  := sql.bind(X_4,"sys","part1","x",0,2,4);
    X_86:bat[:oid,:oid]  := sql.tid(X_4,"sys","part1",2,4);
    X_178 := algebra.subselect(X_91,X_86,A0,A1,true,true,false);
    (X_97:bat[:oid,:oid] ,X_98:bat[:oid,:dbl] ) := sql.bind(X_4,"sys","part1","x",2,2,4);
    X_184 := algebra.subselect(X_98,nil:bat[:oid,:oid],A0,A1,true,true,false);
    X_189 := sql.subdelta(X_178,X_86,X_97,X_184);
    X_193 := sql.projectdelta(X_189,X_91,X_97,X_98);
    X_92:bat[:oid,:dbl]  := sql.bind(X_4,"sys","part1","x",0,3,4);
    X_88:bat[:oid,:oid]  := sql.tid(X_4,"sys","part1",3,4);
    X_179 := algebra.subselect(X_92,X_88,A0,A1,true,true,false);
    (X_99:bat[:oid,:oid] ,X_100:bat[:oid,:dbl] ) := sql.bind(X_4,"sys","part1","x",2,3,4);
    X_186 := algebra.subselect(X_100,nil:bat[:oid,:oid],A0,A1,true,true,false);
    X_13:bat[:oid,:dbl]  := sql.bind(X_4,"sys","part1","x",1);
    X_77 := algebra.subselect(X_13,X_88,A0,A1,true,true,false);
    X_190 := sql.subdelta(X_179,X_88,X_99,X_186,X_77);
    X_194 := sql.projectdelta(X_190,X_92,X_99,X_100,X_13);
    X_235 := mat.packIncrement(X_191,4);
    X_236 := mat.packIncrement(X_235,X_192);
    X_237 := mat.packIncrement(X_236,X_193);
    X_16 := mat.packIncrement(X_237,X_194);
    X_17 := bat.append(X_5,X_16,true);
    X_105:bat[:oid,:dbl]  := sql.bind(X_4,"sys","part2","x",0,0,4);
    X_101:bat[:oid,:oid]  := sql.tid(X_4,"sys","part2",0,4);
    X_195 := algebra.subselect(X_105,X_101,A0,A1,true,true,false);
    (X_109:bat[:oid,:oid] ,X_110:bat[:oid,:dbl] ) := sql.bind(X_4,"sys","part2","x",2,0,4);
    X_199 := algebra.subselect(X_110,nil:bat[:oid,:oid],A0,A1,true,true,false);
    X_204 := sql.subdelta(X_195,X_101,X_109,X_199);
    X_208 := sql.projectdelta(X_204,X_105,X_109,X_110);
    X_106:bat[:oid,:dbl]  := sql.bind(X_4,"sys","part2","x",0,1,4);
    X_102:bat[:oid,:oid]  := sql.tid(X_4,"sys","part2",1,4);
    X_196 := algebra.subselect(X_106,X_102,A0,A1,true,true,false);
    (X_111:bat[:oid,:oid] ,X_112:bat[:oid,:dbl] ) := sql.bind(X_4,"sys","part2","x",2,1,4);
    X_200 := algebra.subselect(X_112,nil:bat[:oid,:oid],A0,A1,true,true,false);
    X_205 := sql.subdelta(X_196,X_102,X_111,X_200);
    X_210 := sql.projectdelta(X_205,X_106,X_111,X_112);
    X_107:bat[:oid,:dbl]  := sql.bind(X_4,"sys","part2","x",0,2,4);
    X_103:bat[:oid,:oid]  := sql.tid(X_4,"sys","part2",2,4);
    X_197 := algebra.subselect(X_107,X_103,A0,A1,true,true,false);
    (X_113:bat[:oid,:oid] ,X_114:bat[:oid,:dbl] ) := sql.bind(X_4,"sys","part2","x",2,2,4);
    X_201 := algebra.subselect(X_114,nil:bat[:oid,:oid],A0,A1,true,true,false);
    X_206 := sql.subdelta(X_197,X_103,X_113,X_201);
    X_212 := sql.projectdelta(X_206,X_107,X_113,X_114);
    X_108:bat[:oid,:dbl]  := sql.bind(X_4,"sys","part2","x",0,3,4);
    X_104:bat[:oid,:oid]  := sql.tid(X_4,"sys","part2",3,4);
    X_198 := algebra.subselect(X_108,X_104,A0,A1,true,true,false);
    (X_116:bat[:oid,:oid] ,X_117:bat[:oid,:dbl] ) := sql.bind(X_4,"sys","part2","x",2,3,4);
    X_202 := algebra.subselect(X_117,nil:bat[:oid,:oid],A0,A1,true,true,false);
    X_19:bat[:oid,:dbl]  := sql.bind(X_4,"sys","part2","x",1);
    X_79 := algebra.subselect(X_19,X_104,A0,A1,true,true,false);
    X_207 := sql.subdelta(X_198,X_104,X_116,X_202,X_79);
    X_214 := sql.projectdelta(X_207,X_108,X_116,X_117,X_19);
    X_239 := mat.packIncrement(X_208,4);
    X_240 := mat.packIncrement(X_239,X_210);
    X_241 := mat.packIncrement(X_240,X_212);
    X_21 := mat.packIncrement(X_241,X_214);
    X_22 := bat.append(X_17,X_21,true);
    language.pass(X_82);
    language.pass(X_89);
    language.pass(X_93);
    language.pass(X_94);
    language.pass(X_84);
    language.pass(X_90);
    language.pass(X_95);
    language.pass(X_96);
    language.pass(X_86);
    language.pass(X_91);
    language.pass(X_97);
    language.pass(X_98);
    language.pass(nil:bat[:oid,:oid]);
    language.pass(X_88);
    language.pass(X_92);
    language.pass(X_99);
    language.pass(X_100);
    language.pass(X_13);
    language.pass(X_101);
    language.pass(X_105);
    language.pass(X_109);
    language.pass(X_110);
    language.pass(X_102);
    language.pass(X_106);
    language.pass(X_111);
    language.pass(X_112);
    language.pass(X_103);
    language.pass(X_107);
    language.pass(X_113);
    language.pass(X_114);
    language.pass(nil:bat[:oid,:oid]);
    language.pass(X_104);
    language.pass(X_108);
    language.pass(X_116);
    language.pass(X_117);
    language.pass(X_19);
exit X_296;
    X_23 := sql.append(X_4,"sys","answ","x",X_22);
barrier X_299 := language.dataflow();
    X_27:bat[:oid,:dbl]  := bat.new(nil:oid,nil:dbl);
    X_119:bat[:oid,:dbl]  := sql.bind(X_23,"sys","part1","y",0,0,4);
    (X_126:bat[:oid,:oid] ,X_127:bat[:oid,:dbl] ) := sql.bind(X_23,"sys","part1","y",2,0,4);
    X_215 := sql.projectdelta(X_187,X_119,X_126,X_127);
    X_121:bat[:oid,:dbl]  := sql.bind(X_23,"sys","part1","y",0,1,4);
    (X_128:bat[:oid,:oid] ,X_129:bat[:oid,:dbl] ) := sql.bind(X_23,"sys","part1","y",2,1,4);
    X_216 := sql.projectdelta(X_188,X_121,X_128,X_129);
    X_123:bat[:oid,:dbl]  := sql.bind(X_23,"sys","part1","y",0,2,4);
    (X_130:bat[:oid,:oid] ,X_131:bat[:oid,:dbl] ) := sql.bind(X_23,"sys","part1","y",2,2,4);
    X_217 := sql.projectdelta(X_189,X_123,X_130,X_131);
    X_125:bat[:oid,:dbl]  := sql.bind(X_23,"sys","part1","y",0,3,4);
    (X_132:bat[:oid,:oid] ,X_133:bat[:oid,:dbl] ) := sql.bind(X_23,"sys","part1","y",2,3,4);
    X_34:bat[:oid,:dbl]  := sql.bind(X_23,"sys","part1","y",1);
    X_218 := sql.projectdelta(X_190,X_125,X_132,X_133,X_34);
    X_243 := mat.packIncrement(X_215,4);
    X_244 := mat.packIncrement(X_243,X_216);
    X_245 := mat.packIncrement(X_244,X_217);
    X_36 := mat.packIncrement(X_245,X_218);
    X_37 := bat.append(X_27,X_36,true);
    X_134:bat[:oid,:dbl]  := sql.bind(X_23,"sys","part2","y",0,0,4);
    (X_138:bat[:oid,:oid] ,X_139:bat[:oid,:dbl] ) := sql.bind(X_23,"sys","part2","y",2,0,4);
    X_219 := sql.projectdelta(X_204,X_134,X_138,X_139);
    X_135:bat[:oid,:dbl]  := sql.bind(X_23,"sys","part2","y",0,1,4);
    (X_140:bat[:oid,:oid] ,X_141:bat[:oid,:dbl] ) := sql.bind(X_23,"sys","part2","y",2,1,4);
    X_220 := sql.projectdelta(X_205,X_135,X_140,X_141);
    X_136:bat[:oid,:dbl]  := sql.bind(X_23,"sys","part2","y",0,2,4);
    (X_142:bat[:oid,:oid] ,X_143:bat[:oid,:dbl] ) := sql.bind(X_23,"sys","part2","y",2,2,4);
    X_221 := sql.projectdelta(X_206,X_136,X_142,X_143);
    X_137:bat[:oid,:dbl]  := sql.bind(X_23,"sys","part2","y",0,3,4);
    (X_144:bat[:oid,:oid] ,X_145:bat[:oid,:dbl] ) := sql.bind(X_23,"sys","part2","y",2,3,4);
    X_39:bat[:oid,:dbl]  := sql.bind(X_23,"sys","part2","y",1);
    X_222 := sql.projectdelta(X_207,X_137,X_144,X_145,X_39);
    X_247 := mat.packIncrement(X_219,4);
    X_248 := mat.packIncrement(X_247,X_220);
    X_249 := mat.packIncrement(X_248,X_221);
    X_40 := mat.packIncrement(X_249,X_222);
    X_41 := bat.append(X_37,X_40,true);
exit X_299;
    X_43 := sql.append(X_23,"sys","answ","y",X_41);
barrier X_302 := language.dataflow();
    X_44:bat[:oid,:dbl]  := bat.new(nil:oid,nil:dbl);
    X_146:bat[:oid,:dbl]  := sql.bind(X_43,"sys","part1","z",0,0,4);
    (X_152:bat[:oid,:oid] ,X_153:bat[:oid,:dbl] ) := sql.bind(X_43,"sys","part1","z",2,0,4);
    X_227 := sql.projectdelta(X_187,X_146,X_152,X_153);
    X_147:bat[:oid,:dbl]  := sql.bind(X_43,"sys","part1","z",0,1,4);
    (X_155:bat[:oid,:oid] ,X_156:bat[:oid,:dbl] ) := sql.bind(X_43,"sys","part1","z",2,1,4);
    X_228 := sql.projectdelta(X_188,X_147,X_155,X_156);
    X_149:bat[:oid,:dbl]  := sql.bind(X_43,"sys","part1","z",0,2,4);
    (X_158:bat[:oid,:oid] ,X_159:bat[:oid,:dbl] ) := sql.bind(X_43,"sys","part1","z",2,2,4);
    X_229 := sql.projectdelta(X_189,X_149,X_158,X_159);
    X_150:bat[:oid,:dbl]  := sql.bind(X_43,"sys","part1","z",0,3,4);
    (X_161:bat[:oid,:oid] ,X_162:bat[:oid,:dbl] ) := sql.bind(X_43,"sys","part1","z",2,3,4);
    X_47:bat[:oid,:dbl]  := sql.bind(X_43,"sys","part1","z",1);
    X_230 := sql.projectdelta(X_190,X_150,X_161,X_162,X_47);
    X_251 := mat.packIncrement(X_227,4);
    X_252 := mat.packIncrement(X_251,X_228);
    X_253 := mat.packIncrement(X_252,X_229);
    X_48 := mat.packIncrement(X_253,X_230);
    X_49 := bat.append(X_44,X_48,true);
    X_163:bat[:oid,:dbl]  := sql.bind(X_43,"sys","part2","z",0,0,4);
    (X_167:bat[:oid,:oid] ,X_168:bat[:oid,:dbl] ) := sql.bind(X_43,"sys","part2","z",2,0,4);
    X_231 := sql.projectdelta(X_204,X_163,X_167,X_168);
    X_164:bat[:oid,:dbl]  := sql.bind(X_43,"sys","part2","z",0,1,4);
    (X_169:bat[:oid,:oid] ,X_170:bat[:oid,:dbl] ) := sql.bind(X_43,"sys","part2","z",2,1,4);
    X_232 := sql.projectdelta(X_205,X_164,X_169,X_170);
    X_165:bat[:oid,:dbl]  := sql.bind(X_43,"sys","part2","z",0,2,4);
    (X_171:bat[:oid,:oid] ,X_172:bat[:oid,:dbl] ) := sql.bind(X_43,"sys","part2","z",2,2,4);
    X_233 := sql.projectdelta(X_206,X_165,X_171,X_172);
    X_166:bat[:oid,:dbl]  := sql.bind(X_43,"sys","part2","z",0,3,4);
    (X_173:bat[:oid,:oid] ,X_174:bat[:oid,:dbl] ) := sql.bind(X_43,"sys","part2","z",2,3,4);
    X_52:bat[:oid,:dbl]  := sql.bind(X_43,"sys","part2","z",1);
    X_234 := sql.projectdelta(X_207,X_166,X_173,X_174,X_52);
    X_255 := mat.packIncrement(X_231,4);
    X_257 := mat.packIncrement(X_255,X_232);
    X_258 := mat.packIncrement(X_257,X_233);
    X_54 := mat.packIncrement(X_258,X_234);
    X_55 := bat.append(X_49,X_54,true);
exit X_302;
    X_56 := sql.append(X_43,"sys","answ","z",X_55);
    X_58 := aggr.count(X_55);
    sql.affectedRows(X_56,X_58,"");
end user.s13_1;
#INSERT INTO answ
#SELECT * FROM complete where x>=1.0 AND x <=2.0;
[ 4	]
#EXPLAIN INSERT INTO answ
#SELECT * FROM complete
#WHERE x BETWEEN 0 AND 2 AND Y BETWEEN 0 AND 2;
% .explain # table_name
% mal # name
% clob # type
% 149 # length
function user.s14_1{autoCommit=true}(A0:dbl,A1:dbl,A2:dbl,A3:dbl):void;
    X_64:void  := querylog.define("explain insert into answ\nselect * from complete\nwhere x between 0 and 2 and y between 0 and 2;","default_pipe");
barrier X_341 := language.dataflow();
    X_6 := sql.mvc();
    X_7:bat[:oid,:dbl]  := bat.new(nil:oid,nil:dbl);
    X_96:bat[:oid,:dbl]  := sql.bind(X_6,"sys","part1","x",0,0,4);
    X_108:bat[:oid,:dbl]  := sql.bind(X_6,"sys","part1","y",0,0,4);
    X_89:bat[:oid,:oid]  := sql.tid(X_6,"sys","part1",0,4);
    X_186 := algebra.subselect(X_108,X_89,A2,A3,true,true,false);
    (X_112:bat[:oid,:oid] ,X_113:bat[:oid,:dbl] ) := sql.bind(X_6,"sys","part1","y",2,0,4);
    X_190 := algebra.subselect(X_113,nil:bat[:oid,:oid],A2,A3,true,true,false);
    X_194 := sql.subdelta(X_186,X_89,X_112,X_190);
    X_198 := algebra.subselect(X_96,X_194,A0,A1,true,true,false);
    (X_100:bat[:oid,:oid] ,X_101:bat[:oid,:dbl] ) := sql.bind(X_6,"sys","part1","x",2,0,4);
    X_202 := algebra.subselect(X_101,nil:bat[:oid,:oid],A0,A1,true,true,false);
    X_206 := sql.subdelta(X_198,X_194,X_100,X_202);
    X_211 := sql.projectdelta(X_206,X_96,X_100,X_101);
    X_97:bat[:oid,:dbl]  := sql.bind(X_6,"sys","part1","x",0,1,4);
    X_109:bat[:oid,:dbl]  := sql.bind(X_6,"sys","part1","y",0,1,4);
    X_91:bat[:oid,:oid]  := sql.tid(X_6,"sys","part1",1,4);
    X_187 := algebra.subselect(X_109,X_91,A2,A3,true,true,false);
    (X_114:bat[:oid,:oid] ,X_115:bat[:oid,:dbl] ) := sql.bind(X_6,"sys","part1","y",2,1,4);
    X_191 := algebra.subselect(X_115,nil:bat[:oid,:oid],A2,A3,true,true,false);
    X_195 := sql.subdelta(X_187,X_91,X_114,X_191);
    X_199 := algebra.subselect(X_97,X_195,A0,A1,true,true,false);
    (X_102:bat[:oid,:oid] ,X_103:bat[:oid,:dbl] ) := sql.bind(X_6,"sys","part1","x",2,1,4);
    X_203 := algebra.subselect(X_103,nil:bat[:oid,:oid],A0,A1,true,true,false);
    X_207 := sql.subdelta(X_199,X_195,X_102,X_203);
    X_213 := sql.projectdelta(X_207,X_97,X_102,X_103);
    X_98:bat[:oid,:dbl]  := sql.bind(X_6,"sys","part1","x",0,2,4);
    X_110:bat[:oid,:dbl]  := sql.bind(X_6,"sys","part1","y",0,2,4);
    X_93:bat[:oid,:oid]  := sql.tid(X_6,"sys","part1",2,4);
    X_188 := algebra.subselect(X_110,X_93,A2,A3,true,true,false);
    (X_116:bat[:oid,:oid] ,X_117:bat[:oid,:dbl] ) := sql.bind(X_6,"sys","part1","y",2,2,4);
    X_192 := algebra.subselect(X_117,nil:bat[:oid,:oid],A2,A3,true,true,false);
    X_196 := sql.subdelta(X_188,X_93,X_116,X_192);
    X_200 := algebra.subselect(X_98,X_196,A0,A1,true,true,false);
    (X_104:bat[:oid,:oid] ,X_105:bat[:oid,:dbl] ) := sql.bind(X_6,"sys","part1","x",2,2,4);
    X_204 := algebra.subselect(X_105,nil:bat[:oid,:oid],A0,A1,true,true,false);
    X_208 := sql.subdelta(X_200,X_196,X_104,X_204);
    X_215 := sql.projectdelta(X_208,X_98,X_104,X_105);
    X_99:bat[:oid,:dbl]  := sql.bind(X_6,"sys","part1","x",0,3,4);
    X_111:bat[:oid,:dbl]  := sql.bind(X_6,"sys","part1","y",0,3,4);
    X_95:bat[:oid,:oid]  := sql.tid(X_6,"sys","part1",3,4);
    X_189 := algebra.subselect(X_111,X_95,A2,A3,true,true,false);
    (X_118:bat[:oid,:oid] ,X_119:bat[:oid,:dbl] ) := sql.bind(X_6,"sys","part1","y",2,3,4);
    X_193 := algebra.subselect(X_119,nil:bat[:oid,:oid],A2,A3,true,true,false);
    X_18:bat[:oid,:dbl]  := sql.bind(X_6,"sys","part1","y",1);
    X_80 := algebra.subselect(X_18,X_95,A2,A3,true,true,false);
    X_197 := sql.subdelta(X_189,X_95,X_118,X_193,X_80);
    X_201 := algebra.subselect(X_99,X_197,A0,A1,true,true,false);
    (X_106:bat[:oid,:oid] ,X_107:bat[:oid,:dbl] ) := sql.bind(X_6,"sys","part1","x",2,3,4);
    X_205 := algebra.subselect(X_107,nil:bat[:oid,:oid],A0,A1,true,true,false);
    X_15:bat[:oid,:dbl]  := sql.bind(X_6,"sys","part1","x",1);
    X_82 := algebra.subselect(X_15,X_197,A0,A1,true,true,false);
    X_209 := sql.subdelta(X_201,X_197,X_106,X_205,X_82);
    X_217 := sql.projectdelta(X_209,X_99,X_106,X_107,X_15);
    X_270 := mat.packIncrement(X_211,4);
    X_271 := mat.packIncrement(X_270,X_213);
    X_272 := mat.packIncrement(X_271,X_215);
    X_20 := mat.packIncrement(X_272,X_217);
    X_21 := bat.append(X_7,X_20,true);
    X_350:bat[:oid,:dbl]  := sql.bind(X_6,"sys","part2","x",0,0,4);
    X_129:bat[:oid,:dbl]  := mosaic.decompress(X_350);
    X_141:bat[:oid,:dbl]  := sql.bind(X_6,"sys","part2","y",0,0,4);
    X_122:bat[:oid,:oid]  := sql.tid(X_6,"sys","part2",0,4);
    X_218 := algebra.subselect(X_141,X_122,A2,A3,true,true,false);
    (X_145:bat[:oid,:oid] ,X_146:bat[:oid,:dbl] ) := sql.bind(X_6,"sys","part2","y",2,0,4);
    X_222 := algebra.subselect(X_146,nil:bat[:oid,:oid],A2,A3,true,true,false);
    X_226 := sql.subdelta(X_218,X_122,X_145,X_222);
    X_231 := algebra.subselect(X_129,X_226,A0,A1,true,true,false);
    (X_133:bat[:oid,:oid] ,X_134:bat[:oid,:dbl] ) := sql.bind(X_6,"sys","part2","x",2,0,4);
    X_238 := algebra.subselect(X_134,nil:bat[:oid,:oid],A0,A1,true,true,false);
    X_242 := sql.subdelta(X_231,X_226,X_133,X_238);
    X_246 := sql.projectdelta(X_242,X_129,X_133,X_134);
    X_351:bat[:oid,:dbl]  := sql.bind(X_6,"sys","part2","x",0,1,4);
    X_130:bat[:oid,:dbl]  := mosaic.decompress(X_351);
    X_142:bat[:oid,:dbl]  := sql.bind(X_6,"sys","part2","y",0,1,4);
    X_124:bat[:oid,:oid]  := sql.tid(X_6,"sys","part2",1,4);
    X_219 := algebra.subselect(X_142,X_124,A2,A3,true,true,false);
    (X_147:bat[:oid,:oid] ,X_148:bat[:oid,:dbl] ) := sql.bind(X_6,"sys","part2","y",2,1,4);
    X_223 := algebra.subselect(X_148,nil:bat[:oid,:oid],A2,A3,true,true,false);
    X_227 := sql.subdelta(X_219,X_124,X_147,X_223);
    X_233 := algebra.subselect(X_130,X_227,A0,A1,true,true,false);
    (X_135:bat[:oid,:oid] ,X_136:bat[:oid,:dbl] ) := sql.bind(X_6,"sys","part2","x",2,1,4);
    X_239 := algebra.subselect(X_136,nil:bat[:oid,:oid],A0,A1,true,true,false);
    X_243 := sql.subdelta(X_233,X_227,X_135,X_239);
    X_247 := sql.projectdelta(X_243,X_130,X_135,X_136);
    X_352:bat[:oid,:dbl]  := sql.bind(X_6,"sys","part2","x",0,2,4);
    X_131:bat[:oid,:dbl]  := mosaic.decompress(X_352);
    X_143:bat[:oid,:dbl]  := sql.bind(X_6,"sys","part2","y",0,2,4);
    X_126:bat[:oid,:oid]  := sql.tid(X_6,"sys","part2",2,4);
    X_220 := algebra.subselect(X_143,X_126,A2,A3,true,true,false);
    (X_149:bat[:oid,:oid] ,X_150:bat[:oid,:dbl] ) := sql.bind(X_6,"sys","part2","y",2,2,4);
    X_224 := algebra.subselect(X_150,nil:bat[:oid,:oid],A2,A3,true,true,false);
    X_228 := sql.subdelta(X_220,X_126,X_149,X_224);
    X_235 := algebra.subselect(X_131,X_228,A0,A1,true,true,false);
    (X_137:bat[:oid,:oid] ,X_138:bat[:oid,:dbl] ) := sql.bind(X_6,"sys","part2","x",2,2,4);
    X_240 := algebra.subselect(X_138,nil:bat[:oid,:oid],A0,A1,true,true,false);
    X_244 := sql.subdelta(X_235,X_228,X_137,X_240);
    X_248 := sql.projectdelta(X_244,X_131,X_137,X_138);
    X_353:bat[:oid,:dbl]  := sql.bind(X_6,"sys","part2","x",0,3,4);
    X_132:bat[:oid,:dbl]  := mosaic.decompress(X_353);
    X_144:bat[:oid,:dbl]  := sql.bind(X_6,"sys","part2","y",0,3,4);
    X_128:bat[:oid,:oid]  := sql.tid(X_6,"sys","part2",3,4);
    X_221 := algebra.subselect(X_144,X_128,A2,A3,true,true,false);
    (X_151:bat[:oid,:oid] ,X_152:bat[:oid,:dbl] ) := sql.bind(X_6,"sys","part2","y",2,3,4);
    X_225 := algebra.subselect(X_152,nil:bat[:oid,:oid],A2,A3,true,true,false);
    X_29:bat[:oid,:dbl]  := sql.bind(X_6,"sys","part2","y",1);
    X_84 := algebra.subselect(X_29,X_128,A2,A3,true,true,false);
    X_229 := sql.subdelta(X_221,X_128,X_151,X_225,X_84);
    X_237 := algebra.subselect(X_132,X_229,A0,A1,true,true,false);
    (X_139:bat[:oid,:oid] ,X_140:bat[:oid,:dbl] ) := sql.bind(X_6,"sys","part2","x",2,3,4);
    X_241 := algebra.subselect(X_140,nil:bat[:oid,:oid],A0,A1,true,true,false);
    X_25:bat[:oid,:dbl]  := sql.bind(X_6,"sys","part2","x",1);
    X_86 := algebra.subselect(X_25,X_229,A0,A1,true,true,false);
    X_245 := sql.subdelta(X_237,X_229,X_139,X_241,X_86);
    X_249 := sql.projectdelta(X_245,X_132,X_139,X_140,X_25);
    X_274 := mat.packIncrement(X_246,4);
    X_275 := mat.packIncrement(X_274,X_247);
    X_276 := mat.packIncrement(X_275,X_248);
    X_31 := mat.packIncrement(X_276,X_249);
    X_32 := bat.append(X_21,X_31,true);
    language.pass(X_89);
    language.pass(X_194);
    language.pass(X_96);
    language.pass(X_100);
    language.pass(X_101);
    language.pass(X_91);
    language.pass(X_195);
    language.pass(X_97);
    language.pass(X_102);
    language.pass(X_103);
    language.pass(X_93);
    language.pass(X_196);
    language.pass(X_98);
    language.pass(X_104);
    language.pass(X_105);
    language.pass(nil:bat[:oid,:oid]);
    language.pass(X_95);
    language.pass(nil:bat[:oid,:oid]);
    language.pass(X_197);
    language.pass(X_99);
    language.pass(X_106);
    language.pass(X_107);
    language.pass(X_15);
    language.pass(X_122);
    language.pass(X_226);
    language.pass(X_129);
    language.pass(X_133);
    language.pass(X_134);
    language.pass(X_124);
    language.pass(X_227);
    language.pass(X_130);
    language.pass(X_135);
    language.pass(X_136);
    language.pass(X_126);
    language.pass(X_228);
    language.pass(X_131);
    language.pass(X_137);
    language.pass(X_138);
    language.pass(nil:bat[:oid,:oid]);
    language.pass(X_128);
    language.pass(nil:bat[:oid,:oid]);
    language.pass(X_229);
    language.pass(X_132);
    language.pass(X_139);
    language.pass(X_140);
    language.pass(X_25);
exit X_341;
    X_33 := sql.append(X_6,"sys","answ","x",X_32);
barrier X_344 := language.dataflow();
    X_35:bat[:oid,:dbl]  := bat.new(nil:oid,nil:dbl);
    X_250 := sql.projectdelta(X_206,X_108,X_112,X_113);
    X_251 := sql.projectdelta(X_207,X_109,X_114,X_115);
    X_252 := sql.projectdelta(X_208,X_110,X_116,X_117);
    X_253 := sql.projectdelta(X_209,X_111,X_118,X_119,X_18);
    X_278 := mat.packIncrement(X_250,4);
    X_279 := mat.packIncrement(X_278,X_251);
    X_280 := mat.packIncrement(X_279,X_252);
    X_38 := mat.packIncrement(X_280,X_253);
    X_39 := bat.append(X_35,X_38,true);
    X_254 := sql.projectdelta(X_242,X_141,X_145,X_146);
    X_255 := sql.projectdelta(X_243,X_142,X_147,X_148);
    X_256 := sql.projectdelta(X_244,X_143,X_149,X_150);
    X_257 := sql.projectdelta(X_245,X_144,X_151,X_152,X_29);
    X_282 := mat.packIncrement(X_254,4);
    X_283 := mat.packIncrement(X_282,X_255);
    X_284 := mat.packIncrement(X_283,X_256);
    X_41 := mat.packIncrement(X_284,X_257);
    X_42 := bat.append(X_39,X_41,true);
exit X_344;
    X_43 := sql.append(X_33,"sys","answ","y",X_42);
barrier X_347 := language.dataflow();
    X_46:bat[:oid,:dbl]  := bat.new(nil:oid,nil:dbl);
    X_155:bat[:oid,:dbl]  := sql.bind(X_43,"sys","part1","z",0,0,4);
    (X_162:bat[:oid,:oid] ,X_163:bat[:oid,:dbl] ) := sql.bind(X_43,"sys","part1","z",2,0,4);
    X_259 := sql.projectdelta(X_206,X_155,X_162,X_163);
    X_157:bat[:oid,:dbl]  := sql.bind(X_43,"sys","part1","z",0,1,4);
    (X_164:bat[:oid,:oid] ,X_165:bat[:oid,:dbl] ) := sql.bind(X_43,"sys","part1","z",2,1,4);
    X_261 := sql.projectdelta(X_207,X_157,X_164,X_165);
    X_159:bat[:oid,:dbl]  := sql.bind(X_43,"sys","part1","z",0,2,4);
    (X_166:bat[:oid,:oid] ,X_167:bat[:oid,:dbl] ) := sql.bind(X_43,"sys","part1","z",2,2,4);
    X_263 := sql.projectdelta(X_208,X_159,X_166,X_167);
    X_161:bat[:oid,:dbl]  := sql.bind(X_43,"sys","part1","z",0,3,4);
    (X_168:bat[:oid,:oid] ,X_169:bat[:oid,:dbl] ) := sql.bind(X_43,"sys","part1","z",2,3,4);
    X_51:bat[:oid,:dbl]  := sql.bind(X_43,"sys","part1","z",1);
    X_265 := sql.projectdelta(X_209,X_161,X_168,X_169,X_51);
    X_286 := mat.packIncrement(X_259,4);
    X_287 := mat.packIncrement(X_286,X_261);
    X_288 := mat.packIncrement(X_287,X_263);
    X_53 := mat.packIncrement(X_288,X_265);
    X_54 := bat.append(X_46,X_53,true);
    X_170:bat[:oid,:dbl]  := sql.bind(X_43,"sys","part2","z",0,0,4);
    (X_174:bat[:oid,:oid] ,X_175:bat[:oid,:dbl] ) := sql.bind(X_43,"sys","part2","z",2,0,4);
    X_266 := sql.projectdelta(X_242,X_170,X_174,X_175);
    X_171:bat[:oid,:dbl]  := sql.bind(X_43,"sys","part2","z",0,1,4);
    (X_176:bat[:oid,:oid] ,X_177:bat[:oid,:dbl] ) := sql.bind(X_43,"sys","part2","z",2,1,4);
    X_267 := sql.projectdelta(X_243,X_171,X_176,X_177);
    X_172:bat[:oid,:dbl]  := sql.bind(X_43,"sys","part2","z",0,2,4);
    (X_178:bat[:oid,:oid] ,X_179:bat[:oid,:dbl] ) := sql.bind(X_43,"sys","part2","z",2,2,4);
    X_268 := sql.projectdelta(X_244,X_172,X_178,X_179);
    X_173:bat[:oid,:dbl]  := sql.bind(X_43,"sys","part2","z",0,3,4);
    (X_180:bat[:oid,:oid] ,X_181:bat[:oid,:dbl] ) := sql.bind(X_43,"sys","part2","z",2,3,4);
    X_56:bat[:oid,:dbl]  := sql.bind(X_43,"sys","part2","z",1);
    X_269 := sql.projectdelta(X_245,X_173,X_180,X_181,X_56);
    X_290 := mat.packIncrement(X_266,4);
    X_292 := mat.packIncrement(X_290,X_267);
    X_293 := mat.packIncrement(X_292,X_268);
    X_57 := mat.packIncrement(X_293,X_269);
    X_58 := bat.append(X_54,X_57,true);
exit X_347;
    X_59 := sql.append(X_43,"sys","answ","z",X_58);
    X_61 := aggr.count(X_58);
    sql.affectedRows(X_59,X_61,"");
end user.s14_1;
#INSERT INTO answ
#SELECT * FROM complete
#WHERE x BETWEEN 0 AND 2 AND Y BETWEEN 0 AND 2;
[ 6	]
#DROP TABLE complete;
#DROP TABLE part1;
#DROP TABLE part2;

# 16:20:24 >  
# 16:20:24 >  "Done."
# 16:20:24 >  

