stdout of test 'pylite03` in directory 'tools/embeddedpy` itself:


# 14:17:06 >  
# 14:17:06 >  "/usr/bin/python2" "pylite03.py" "pylite03"
# 14:17:06 >  

Making directory /tmp/pylite_dbfarm
# Start processing logs sql/sql_logs version 52200
# Finished processing logs sql/sql_logs
{'i': array([    0,     1,     2, ..., 19997, 19998, 19999]), 'k': array([40000, 40001, 40002, ..., 59997, 59998, 59999]), 'j': array([20000, 20001, 20002, ..., 39997, 39998, 39999]), 'm': array([80000, 80001, 80002, ..., 99997, 99998, 99999]), 'l': array([60000, 60001, 60002, ..., 79997, 79998, 79999])}
Count 20000

# 14:17:07 >  
# 14:17:07 >  "Done."
# 14:17:07 >  

